[Future citers v5] 启用并发拉取：workers=2，论文数=131,777
[Future citers v5] 已完成 future-citer 请求 1/131,777，paper=https://openalex.org/W103748584，citers=0
[Future citers v5] 已完成 future-citer 请求 100/131,777，paper=https://openalex.org/W1623362615，citers=0
[Future citers v5] 已完成 future-citer 请求 200/131,777，paper=https://openalex.org/W1655499418，citers=0
[Future citers v5] 已完成 future-citer 请求 300/131,777，paper=https://openalex.org/W16843698，citers=0
[Future citers v5] 已完成 future-citer 请求 400/131,777，paper=https://openalex.org/W1968575006，citers=1
[Future citers v5] 已完成 future-citer 请求 500/131,777，paper=https://openalex.org/W1975851817，citers=0
[Future citers v5] 已完成 future-citer 请求 600/131,777，paper=https://openalex.org/W1981524967，citers=14
[Future citers v5] 已完成 future-citer 请求 700/131,777，paper=https://openalex.org/W1987503304，citers=10
[Future citers v5] 已完成 future-citer 请求 800/131,777，paper=https://openalex.org/W1993971931，citers=0
[Future citers v5] 已完成 future-citer 请求 900/131,777，paper=https://openalex.org/W1999722551，citers=101
[Future citers v5] 已完成 future-citer 请求 1,000/131,777，paper=https://openalex.org/W2005164239，citers=3
[Future citers v5] 已完成 future-citer 请求 1,100/131,777，paper=https://openalex.org/W2011577135，citers=15
[Future citers v5] 已完成 future-citer 请求 1,200/131,777，paper=https://openalex.org/W2016435088，citers=0
[Future citers v5] 已完成 future-citer 请求 1,300/131,777，paper=https://openalex.org/W2021638700，citers=4
[Future citers v5] 已完成 future-citer 请求 1,400/131,777，paper=https://openalex.org/W2026652951，citers=54
[Future citers v5] 已完成 future-citer 请求 1,500/131,777，paper=https://openalex.org/W2033783371，citers=203
[Future citers v5] 已完成 future-citer 请求 1,600/131,777，paper=https://openalex.org/W2039805570，citers=2
[Future citers v5] 已完成 future-citer 请求 1,700/131,777，paper=https://openalex.org/W2045814124，citers=0
[Future citers v5] 已完成 future-citer 请求 1,800/131,777，paper=https://openalex.org/W2051440094，citers=0
[Future citers v5] 已完成 future-citer 请求 1,900/131,777，paper=https://openalex.org/W2056973590，citers=1
[Future citers v5] 已完成 future-citer 请求 2,000/131,777，paper=https://openalex.org/W2062022577，citers=0
[Future citers v5] 已完成 future-citer 请求 2,100/131,777，paper=https://openalex.org/W2068477468，citers=239
[Future citers v5] 已完成 future-citer 请求 2,200/131,777，paper=https://openalex.org/W2075031313，citers=0
[Future citers v5] 已完成 future-citer 请求 2,300/131,777，paper=https://openalex.org/W2080603008，citers=101
[Future citers v5] 已完成 future-citer 请求 2,400/131,777，paper=https://openalex.org/W2086177067，citers=5
[Future citers v5] 已完成 future-citer 请求 2,500/131,777，paper=https://openalex.org/W2092436479，citers=12
[Future citers v5] 已完成 future-citer 请求 2,600/131,777，paper=https://openalex.org/W2468896956，citers=3
[Future citers v5] 已完成 future-citer 请求 2,700/131,777，paper=https://openalex.org/W4214622348，citers=0
[Future citers v5] 已完成 future-citer 请求 2,800/131,777，paper=https://openalex.org/W4232787639，citers=0
[Future citers v5] 已完成 future-citer 请求 2,900/131,777，paper=https://openalex.org/W4237367010，citers=0
[Future citers v5] 已完成 future-citer 请求 3,000/131,777，paper=https://openalex.org/W4241176661，citers=1
[Future citers v5] 已完成 future-citer 请求 3,100/131,777，paper=https://openalex.org/W4245592324，citers=0
[Future citers v5] 已完成 future-citer 请求 3,200/131,777，paper=https://openalex.org/W4250657239，citers=0
[Future citers v5] 已完成 future-citer 请求 3,300/131,777，paper=https://openalex.org/W4253612853，citers=0
[Future citers v5] 已完成 future-citer 请求 3,400/131,777，paper=https://openalex.org/W63780972，citers=0
[Future citers v5] 已完成 future-citer 请求 3,500/131,777，paper=https://openalex.org/W1612040425，citers=1
[Future citers v5] 已完成 future-citer 请求 3,600/131,777，paper=https://openalex.org/W1634316699，citers=0
[Future citers v5] 已完成 future-citer 请求 3,700/131,777，paper=https://openalex.org/W1652872574，citers=0
[Future citers v5] 已完成 future-citer 请求 3,800/131,777，paper=https://openalex.org/W1670639116，citers=0
[Future citers v5] 已完成 future-citer 请求 3,900/131,777，paper=https://openalex.org/W1965352632，citers=11
[Future citers v5] 已完成 future-citer 请求 4,000/131,777，paper=https://openalex.org/W1971134134，citers=0
[Future citers v5] 已完成 future-citer 请求 4,100/131,777，paper=https://openalex.org/W1976344568，citers=96
[Future citers v5] 已完成 future-citer 请求 4,200/131,777，paper=https://openalex.org/W1981551636，citers=0
[Future citers v5] 已完成 future-citer 请求 4,300/131,777，paper=https://openalex.org/W1987041446，citers=0
[Future citers v5] 已完成 future-citer 请求 4,400/131,777，paper=https://openalex.org/W1992237040，citers=93
[Future citers v5] 已完成 future-citer 请求 4,500/131,777，paper=https://openalex.org/W1998627013，citers=73
[Future citers v5] 已完成 future-citer 请求 4,600/131,777，paper=https://openalex.org/W2004355995，citers=58
[Future citers v5] 已完成 future-citer 请求 4,700/131,777，paper=https://openalex.org/W2010284819，citers=3
[Future citers v5] 已完成 future-citer 请求 4,800/131,777，paper=https://openalex.org/W2016835588，citers=3
[Future citers v5] 已完成 future-citer 请求 4,900/131,777，paper=https://openalex.org/W2022225299，citers=12
[Future citers v5] 已完成 future-citer 请求 5,000/131,777，paper=https://openalex.org/W2028528452，citers=6
[Future citers v5] 已完成 future-citer 请求 5,100/131,777，paper=https://openalex.org/W2033063001，citers=10
[Future citers v5] 已完成 future-citer 请求 5,200/131,777，paper=https://openalex.org/W2039616336，citers=130
[Future citers v5] 已完成 future-citer 请求 5,300/131,777，paper=https://openalex.org/W2045149031，citers=20
[Future citers v5] 已完成 future-citer 请求 5,400/131,777，paper=https://openalex.org/W2051548386，citers=0
[Future citers v5] 已完成 future-citer 请求 5,500/131,777，paper=https://openalex.org/W2058135734，citers=15
[Future citers v5] 已完成 future-citer 请求 5,600/131,777，paper=https://openalex.org/W2064126770，citers=0
[Future citers v5] 已完成 future-citer 请求 5,700/131,777，paper=https://openalex.org/W2070035609，citers=5
[Future citers v5] 已完成 future-citer 请求 5,800/131,777，paper=https://openalex.org/W2076301681，citers=11
[Future citers v5] 已完成 future-citer 请求 5,900/131,777，paper=https://openalex.org/W2083959356，citers=1
[Future citers v5] 已完成 future-citer 请求 6,000/131,777，paper=https://openalex.org/W2090000833，citers=34
[Future citers v5] 已完成 future-citer 请求 6,100/131,777，paper=https://openalex.org/W2114709862，citers=12
[Future citers v5] 已完成 future-citer 请求 6,200/131,777，paper=https://openalex.org/W4206505442，citers=0
[Future citers v5] 已完成 future-citer 请求 6,300/131,777，paper=https://openalex.org/W4233220902，citers=6
[Future citers v5] 已完成 future-citer 请求 6,400/131,777，paper=https://openalex.org/W4239483909，citers=0
[Future citers v5] 已完成 future-citer 请求 6,500/131,777，paper=https://openalex.org/W4245599929，citers=0
[Future citers v5] 已完成 future-citer 请求 6,600/131,777，paper=https://openalex.org/W4249471471，citers=0
[Future citers v5] 已完成 future-citer 请求 6,700/131,777，paper=https://openalex.org/W4254105258，citers=0
[Future citers v5] 已完成 future-citer 请求 6,800/131,777，paper=https://openalex.org/W114176772，citers=0
[Future citers v5] 已完成 future-citer 请求 6,900/131,777，paper=https://openalex.org/W1619616092，citers=0
[Future citers v5] 已完成 future-citer 请求 7,000/131,777，paper=https://openalex.org/W1640274517，citers=0
[Future citers v5] 已完成 future-citer 请求 7,100/131,777，paper=https://openalex.org/W1660574587，citers=0
[Future citers v5] 已完成 future-citer 请求 7,200/131,777，paper=https://openalex.org/W1680818420，citers=1
[Future citers v5] 已完成 future-citer 请求 7,300/131,777，paper=https://openalex.org/W1968304714，citers=20
[Future citers v5] 已完成 future-citer 请求 7,400/131,777，paper=https://openalex.org/W1974364703，citers=25
[Future citers v5] 已完成 future-citer 请求 7,500/131,777，paper=https://openalex.org/W1980829541，citers=18
[Future citers v5] 已完成 future-citer 请求 7,600/131,777，paper=https://openalex.org/W1986059203，citers=190
[Future citers v5] 已完成 future-citer 请求 7,700/131,777，paper=https://openalex.org/W1992073085，citers=0
[Future citers v5] 已完成 future-citer 请求 7,800/131,777，paper=https://openalex.org/W1999082506，citers=8
[Future citers v5] 已完成 future-citer 请求 7,900/131,777，paper=https://openalex.org/W2005102276，citers=0
[Future citers v5] 已完成 future-citer 请求 8,000/131,777，paper=https://openalex.org/W2011065611，citers=14
[Future citers v5] 已完成 future-citer 请求 8,100/131,777，paper=https://openalex.org/W2017354684，citers=0
[Future citers v5] 已完成 future-citer 请求 8,200/131,777，paper=https://openalex.org/W2023212075，citers=43
[Future citers v5] 已完成 future-citer 请求 8,300/131,777，paper=https://openalex.org/W2029014948，citers=278
[Future citers v5] 已完成 future-citer 请求 8,400/131,777，paper=https://openalex.org/W2036410668，citers=4
[Future citers v5] 已完成 future-citer 请求 8,500/131,777，paper=https://openalex.org/W2042371676，citers=11
[Future citers v5] 已完成 future-citer 请求 8,600/131,777，paper=https://openalex.org/W2049226608，citers=219
[Future citers v5] 已完成 future-citer 请求 8,700/131,777，paper=https://openalex.org/W2055507074，citers=0
[Future citers v5] 已完成 future-citer 请求 8,800/131,777，paper=https://openalex.org/W2062244822，citers=0
[Future citers v5] 已完成 future-citer 请求 8,900/131,777，paper=https://openalex.org/W2067908369，citers=25
[Future citers v5] 已完成 future-citer 请求 9,000/131,777，paper=https://openalex.org/W2073857478，citers=48
[Future citers v5] 已完成 future-citer 请求 9,100/131,777，paper=https://openalex.org/W2080376817，citers=483
[Future citers v5] 已完成 future-citer 请求 9,200/131,777，paper=https://openalex.org/W2087010123，citers=20
[Future citers v5] 已完成 future-citer 请求 9,300/131,777，paper=https://openalex.org/W2092627080，citers=12
[Future citers v5] 已完成 future-citer 请求 9,400/131,777，paper=https://openalex.org/W2415836918，citers=1
[Future citers v5] 已完成 future-citer 请求 9,500/131,777，paper=https://openalex.org/W4230303531，citers=1
[Future citers v5] 已完成 future-citer 请求 9,600/131,777，paper=https://openalex.org/W4236008610，citers=0
[Future citers v5] 已完成 future-citer 请求 9,700/131,777，paper=https://openalex.org/W4241236107，citers=1
[Future citers v5] 已完成 future-citer 请求 9,800/131,777，paper=https://openalex.org/W4246562246，citers=0
[Future citers v5] 已完成 future-citer 请求 9,900/131,777，paper=https://openalex.org/W4251758519，citers=0
[Future citers v5] 已完成 future-citer 请求 10,000/131,777，paper=https://openalex.org/W4256461308，citers=0
[Future citers v5] 已完成 future-citer 请求 10,100/131,777，paper=https://openalex.org/W133682686，citers=0
[Future citers v5] 已完成 future-citer 请求 10,200/131,777，paper=https://openalex.org/W1616530354，citers=1
[Future citers v5] 已完成 future-citer 请求 10,300/131,777，paper=https://openalex.org/W1629215770，citers=0
[Future citers v5] 已完成 future-citer 请求 10,400/131,777，paper=https://openalex.org/W1645434968，citers=0
[Future citers v5] 已完成 future-citer 请求 10,500/131,777，paper=https://openalex.org/W1658760241，citers=0
[Future citers v5] 已完成 future-citer 请求 10,600/131,777，paper=https://openalex.org/W1675816596，citers=0
[Future citers v5] 已完成 future-citer 请求 10,700/131,777，paper=https://openalex.org/W1965783840，citers=3
[Future citers v5] 已完成 future-citer 请求 10,800/131,777，paper=https://openalex.org/W1971660052，citers=1
[Future citers v5] 已完成 future-citer 请求 10,900/131,777，paper=https://openalex.org/W1978421675，citers=0
[Future citers v5] 已完成 future-citer 请求 11,000/131,777，paper=https://openalex.org/W1984552527，citers=0
[Future citers v5] 已完成 future-citer 请求 11,100/131,777，paper=https://openalex.org/W1991432439，citers=10
[Future citers v5] 已完成 future-citer 请求 11,200/131,777，paper=https://openalex.org/W1998964508，citers=0
[Future citers v5] 已完成 future-citer 请求 11,300/131,777，paper=https://openalex.org/W2004415459，citers=0
[Future citers v5] 已完成 future-citer 请求 11,400/131,777，paper=https://openalex.org/W2011819016，citers=1
[Future citers v5] 已完成 future-citer 请求 11,500/131,777，paper=https://openalex.org/W2017849926，citers=0
[Future citers v5] 已完成 future-citer 请求 11,600/131,777，paper=https://openalex.org/W2023930700，citers=85
[Future citers v5] 已完成 future-citer 请求 11,700/131,777，paper=https://openalex.org/W2030482250，citers=50
[Future citers v5] 已完成 future-citer 请求 11,800/131,777，paper=https://openalex.org/W2036161103，citers=271
[Future citers v5] 已完成 future-citer 请求 11,900/131,777，paper=https://openalex.org/W2041587968，citers=0
[Future citers v5] 已完成 future-citer 请求 12,000/131,777，paper=https://openalex.org/W2047695051，citers=2
[Future citers v5] 已完成 future-citer 请求 12,100/131,777，paper=https://openalex.org/W2053105866，citers=35
[Future citers v5] 已完成 future-citer 请求 12,200/131,777，paper=https://openalex.org/W2059466003，citers=24
[Future citers v5] 已完成 future-citer 请求 12,300/131,777，paper=https://openalex.org/W2065912218，citers=11
[Future citers v5] 已完成 future-citer 请求 12,400/131,777，paper=https://openalex.org/W2072197983，citers=7
[Future citers v5] 已完成 future-citer 请求 12,500/131,777，paper=https://openalex.org/W2078447754，citers=14
[Future citers v5] 已完成 future-citer 请求 12,600/131,777，paper=https://openalex.org/W2084780143，citers=54
[Future citers v5] 已完成 future-citer 请求 12,700/131,777，paper=https://openalex.org/W2091240572，citers=2
[Future citers v5] 已完成 future-citer 请求 12,800/131,777，paper=https://openalex.org/W2152937241，citers=3
[Future citers v5] 已完成 future-citer 请求 12,900/131,777，paper=https://openalex.org/W3102296302，citers=0
[Future citers v5] 已完成 future-citer 请求 13,000/131,777，paper=https://openalex.org/W4231715479，citers=0
[Future citers v5] 已完成 future-citer 请求 13,100/131,777，paper=https://openalex.org/W4236268265，citers=0
[Future citers v5] 已完成 future-citer 请求 13,200/131,777，paper=https://openalex.org/W4241674152，citers=0
[Future citers v5] 已完成 future-citer 请求 13,300/131,777，paper=https://openalex.org/W4246392153，citers=0
[Future citers v5] 已完成 future-citer 请求 13,400/131,777，paper=https://openalex.org/W4250892256，citers=0
[Future citers v5] 已完成 future-citer 请求 13,500/131,777，paper=https://openalex.org/W4255424295，citers=0
[Future citers v5] 已完成 future-citer 请求 13,600/131,777，paper=https://openalex.org/W1986425733，citers=0
[Future citers v5] 已完成 future-citer 请求 13,700/131,777，paper=https://openalex.org/W2626881897，citers=2
[Future citers v5] 已完成 future-citer 请求 13,800/131,777，paper=https://openalex.org/W11346778，citers=4
[Future citers v5] 已完成 future-citer 请求 13,900/131,777，paper=https://openalex.org/W1614796719，citers=1
[Future citers v5] 已完成 future-citer 请求 14,000/131,777，paper=https://openalex.org/W1629693877，citers=0
[Future citers v5] 已完成 future-citer 请求 14,100/131,777，paper=https://openalex.org/W1645672806，citers=1
[Future citers v5] 已完成 future-citer 请求 14,200/131,777，paper=https://openalex.org/W1658587521，citers=0
[Future citers v5] 已完成 future-citer 请求 14,300/131,777，paper=https://openalex.org/W1674248119，citers=0
[Future citers v5] 已完成 future-citer 请求 14,400/131,777，paper=https://openalex.org/W1965270820，citers=0
[Future citers v5] 已完成 future-citer 请求 14,500/131,777，paper=https://openalex.org/W1972324137，citers=64
[Future citers v5] 已完成 future-citer 请求 14,600/131,777，paper=https://openalex.org/W1979205167，citers=0
[Future citers v5] 已完成 future-citer 请求 14,700/131,777，paper=https://openalex.org/W1985089501，citers=28
[Future citers v5] 已完成 future-citer 请求 14,800/131,777，paper=https://openalex.org/W1990672047，citers=0
[Future citers v5] 已完成 future-citer 请求 14,900/131,777，paper=https://openalex.org/W1997718998，citers=1
[Future citers v5] 已完成 future-citer 请求 15,000/131,777，paper=https://openalex.org/W2004250171，citers=188
[Future citers v5] 已完成 future-citer 请求 15,100/131,777，paper=https://openalex.org/W2010627167，citers=1
[Future citers v5] 已完成 future-citer 请求 15,200/131,777，paper=https://openalex.org/W2016695346，citers=1
[Future citers v5] 已完成 future-citer 请求 15,300/131,777，paper=https://openalex.org/W2022411840，citers=116
[Future citers v5] 已完成 future-citer 请求 15,400/131,777，paper=https://openalex.org/W2029474409，citers=23
[Future citers v5] 已完成 future-citer 请求 15,500/131,777，paper=https://openalex.org/W2036325686，citers=0
[Future citers v5] 已完成 future-citer 请求 15,600/131,777，paper=https://openalex.org/W2042065831，citers=204
Traceback (most recent call last):
  File "/home/jayee/workspace/ASPR/scripts/build_future_citer_graph_v5.py", line 189, in build_future_graph
    for done, future in enumerate(as_completed(futures), start=1):
                        ~~~~~~~~~^^^^^^^^^^^^^^^^^^^^^^^^^^^^^^^^
  File "/home/jayee/miniconda3/lib/python3.13/concurrent/futures/_base.py", line 243, in as_completed
    waiter.event.wait(wait_timeout)
    ~~~~~~~~~~~~~~~~~^^^^^^^^^^^^^^
  File "/home/jayee/miniconda3/lib/python3.13/threading.py", line 659, in wait
    signaled = self._cond.wait(timeout)
  File "/home/jayee/miniconda3/lib/python3.13/threading.py", line 359, in wait
    waiter.acquire()
    ~~~~~~~~~~~~~~^^
KeyboardInterrupt

During handling of the above exception, another exception occurred:

Traceback (most recent call last):
  File "/home/jayee/workspace/ASPR/scripts/build_future_citer_graph_v5.py", line 265, in <module>
    raise SystemExit(main(sys.argv[1:]))
                     ~~~~^^^^^^^^^^^^^^
  File "/home/jayee/workspace/ASPR/scripts/build_future_citer_graph_v5.py", line 254, in main
    manifest = build_future_graph(args)
  File "/home/jayee/workspace/ASPR/scripts/build_future_citer_graph_v5.py", line 187, in build_future_graph
    with ThreadPoolExecutor(max_workers=workers) as executor:
         ~~~~~~~~~~~~~~~~~~^^^^^^^^^^^^^^^^^^^^^
  File "/home/jayee/miniconda3/lib/python3.13/concurrent/futures/_base.py", line 647, in __exit__
    self.shutdown(wait=True)
    ~~~~~~~~~~~~~^^^^^^^^^^^
  File "/home/jayee/miniconda3/lib/python3.13/concurrent/futures/thread.py", line 239, in shutdown
    t.join()
    ~~~~~~^^
  File "/home/jayee/miniconda3/lib/python3.13/threading.py", line 1094, in join
    self._handle.join(timeout)
    ~~~~~~~~~~~~~~~~~^^^^^^^^^
KeyboardInterrupt
Exception ignored on threading shutdown:
Traceback (most recent call last):
  File "/home/jayee/miniconda3/lib/python3.13/threading.py", line 1536, in _shutdown
    atexit_call()
  File "/home/jayee/miniconda3/lib/python3.13/threading.py", line 1507, in <lambda>
    _threading_atexits.append(lambda: func(*arg, **kwargs))
  File "/home/jayee/miniconda3/lib/python3.13/concurrent/futures/thread.py", line 31, in _python_exit
    t.join()
  File "/home/jayee/miniconda3/lib/python3.13/threading.py", line 1094, in join
    self._handle.join(timeout)
KeyboardInterrupt: 
